=== LINK
<b>Hacker News Daily Top 30 @2026-04-11</b>
https://github.com/meixger/hackernews-daily/issues/1304
=== PREVIEW
<a href="https://github.com/meixger/hackernews-daily/issues/1304"><b>Hacker News Daily Top 30 @2026-04-11</b></a>

1. <a href="https://www.numerique.gouv.fr/sinformer/espace-presse/souverainete-numerique-reduction-dependances-extra-europeennes/"><strong>France Launches Government Linux Desktop Plan as Windows Exit Begins</strong> <code>www.numerique.gouv.fr</code></a> - <a href="https://news.ycombinator.com/item?id=47716043">423 comments 832 points</a>
2. <a href="https://rowan441.github.io/1dchess/chess.html"><strong>1D Chess</strong> <code>rowan441.github.io</code></a> - <a href="https://news.ycombinator.com/item?id=47719740">135 comments 747 points</a>
3. <a href="https://www.cbsnews.com/live-updates/artemis-ii-splashdown-return/"><strong>Artemis II safely splashes down</strong> <code>www.cbsnews.com</code></a> - <a href="https://news.ycombinator.com/item?id=47725583">249 comments 705 points</a>

via <a href="https://github.com/meixger/hackernews-daily/issues/">Hacker News Daily Top 30</a>
=== TEXT
<a href="https://github.com/meixger/hackernews-daily/issues/1304"><b>Hacker News Daily Top 30 @2026-04-11</b></a>

1. <a href="https://www.numerique.gouv.fr/sinformer/espace-presse/souverainete-numerique-reduction-dependances-extra-europeennes/"><strong>France Launches Government Linux Desktop Plan as Windows Exit Begins</strong> <code>www.numerique.gouv.fr</code></a> - <a href="https://news.ycombinator.com/item?id=47716043">423 comments 832 points</a>
2. <a href="https://rowan441.github.io/1dchess/chess.html"><strong>1D Chess</strong> <code>rowan441.github.io</code></a> - <a href="https://news.ycombinator.com/item?id=47719740">135 comments 747 points</a>
3. <a href="https://www.cbsnews.com/live-updates/artemis-ii-splashdown-return/"><strong>Artemis II safely splashes down</strong> <code>www.cbsnews.com</code></a> - <a href="https://news.ycombinator.com/item?id=47725583">249 comments 705 points</a>
=== QUOTE
<a href="https://github.com/meixger/hackernews-daily/issues/1304"><b>Hacker News Daily Top 30 @2026-04-11</b></a>
<blockquote expandable>1. <a href="https://www.numerique.gouv.fr/sinformer/espace-presse/souverainete-numerique-reduction-dependances-extra-europeennes/"><strong>France Launches Government Linux Desktop Plan as Windows Exit Begins</strong> <code>www.numerique.gouv.fr</code></a> - <a href="https://news.ycombinator.com/item?id=47716043">423 comments 832 points</a>
2. <a href="https://rowan441.github.io/1dchess/chess.html"><strong>1D Chess</strong> <code>rowan441.github.io</code></a> - <a href="https://news.ycombinator.com/item?id=47719740">135 comments 747 points</a>
3. <a href="https://www.cbsnews.com/live-updates/artemis-ii-splashdown-return/"><strong>Artemis II safely splashes down</strong> <code>www.cbsnews.com</code></a> - <a href="https://news.ycombinator.com/item?id=47725583">249 comments 705 points</a></blockquote>
=== IMAGE
