=== LINK
<b>This is what Google Maps looked like on launch day in 2005</b>
https://www.reddit.com/r/MapPorn/comments/1n2dax4/this_is_what_google_maps_looked_like_on_launch/
=== PREVIEW
<a href="https://www.reddit.com/r/MapPorn/comments/1n2dax4/this_is_what_google_maps_looked_like_on_launch/"><b>This is what Google Maps looked like on launch day in 2005</b></a>

submitted by <a href="https://www.reddit.com/user/Mackelowsky">/u/Mackelowsky</a>
<a href="https://i.redd.it/6j31j4o2qrlf1.jpeg">[link]</a> <a href="https://www.reddit.com/r/MapPorn/comments/1n2dax4/this_is_what_google_maps_looked_like_on_launch/">[comments]</a>

via <b>top scoring links : MapPorn</b>
=== TEXT
<a href="https://www.reddit.com/r/MapPorn/comments/1n2dax4/this_is_what_google_maps_looked_like_on_launch/"><b>This is what Google Maps looked like on launch day in 2005</b></a>

submitted by <a href="https://www.reddit.com/user/Mackelowsky">/u/Mackelowsky</a>
<a href="https://i.redd.it/6j31j4o2qrlf1.jpeg">[link]</a> <a href="https://www.reddit.com/r/MapPorn/comments/1n2dax4/this_is_what_google_maps_looked_like_on_launch/">[comments]</a>
=== QUOTE
<a href="https://www.reddit.com/r/MapPorn/comments/1n2dax4/this_is_what_google_maps_looked_like_on_launch/"><b>This is what Google Maps looked like on launch day in 2005</b></a>
<blockquote expandable>submitted by <a href="https://www.reddit.com/user/Mackelowsky">/u/Mackelowsky</a>
<a href="https://i.redd.it/6j31j4o2qrlf1.jpeg">[link]</a> <a href="https://www.reddit.com/r/MapPorn/comments/1n2dax4/this_is_what_google_maps_looked_like_on_launch/">[comments]</a></blockquote>
=== IMAGE
https://i.redd.it/6j31j4o2qrlf1.jpeg

=== LINK
<b>Map of light pollution around the world</b>
https://www.reddit.com/r/MapPorn/comments/1kulwar/map_of_light_pollution_around_the_world/
=== PREVIEW
<a href="https://www.reddit.com/r/MapPorn/comments/1kulwar/map_of_light_pollution_around_the_world/"><b>Map of light pollution around the world</b></a>

<a href="https://www.reddit.com/gallery/1kulwar">[link]</a> <a href="https://www.reddit.com/r/MapPorn/comments/1kulwar/map_of_light_pollution_around_the_world/">[comments]</a>

via <b>top scoring links : MapPorn</b>
=== TEXT
<a href="https://www.reddit.com/r/MapPorn/comments/1kulwar/map_of_light_pollution_around_the_world/"><b>Map of light pollution around the world</b></a>

<a href="https://www.reddit.com/gallery/1kulwar">[link]</a> <a href="https://www.reddit.com/r/MapPorn/comments/1kulwar/map_of_light_pollution_around_the_world/">[comments]</a>
=== QUOTE
<a href="https://www.reddit.com/r/MapPorn/comments/1kulwar/map_of_light_pollution_around_the_world/"><b>Map of light pollution around the world</b></a>
<blockquote expandable><a href="https://www.reddit.com/gallery/1kulwar">[link]</a> <a href="https://www.reddit.com/r/MapPorn/comments/1kulwar/map_of_light_pollution_around_the_world/">[comments]</a></blockquote>
=== IMAGE
https://b.thumbs.redditmedia.com/OtbtSrl2B1WPoqMkXYf4urycR0uQDKswoavcpDMVUIY.jpg
