=== LINK
<b>Turkish Airlines plane evacuated after landing gear fire in Nepal, officials say</b>
https://www.youtube.com/watch?v=U7K88ti42kI
=== PREVIEW
<a href="https://www.youtube.com/watch?v=U7K88ti42kI"><b>Turkish Airlines plane evacuated after landing gear fire in Nepal, officials say</b></a>

via <a href="https://www.youtube.com/channel/UCSrZ3UV4jOidv8ppoVuvW9Q">euronews</a>
=== TEXT
<a href="https://www.youtube.com/watch?v=U7K88ti42kI"><b>Turkish Airlines plane evacuated after landing gear fire in Nepal, officials say</b></a>


=== QUOTE
<a href="https://www.youtube.com/watch?v=U7K88ti42kI"><b>Turkish Airlines plane evacuated after landing gear fire in Nepal, officials say</b></a>
=== IMAGE


=== LINK
<b>Europe Today Explains: Reform UK surge — trouble for Starmer?</b>
https://www.youtube.com/shorts/vsdApGt9d4k
=== PREVIEW
<a href="https://www.youtube.com/shorts/vsdApGt9d4k"><b>Europe Today Explains: Reform UK surge — trouble for Starmer?</b></a>

via <a href="https://www.youtube.com/channel/UCSrZ3UV4jOidv8ppoVuvW9Q">euronews</a>
=== TEXT
<a href="https://www.youtube.com/shorts/vsdApGt9d4k"><b>Europe Today Explains: Reform UK surge — trouble for Starmer?</b></a>


=== QUOTE
<a href="https://www.youtube.com/shorts/vsdApGt9d4k"><b>Europe Today Explains: Reform UK surge — trouble for Starmer?</b></a>
=== IMAGE


=== LINK
<b>Latest news bulletin | May 11th, 2026 – Midday</b>
https://www.youtube.com/watch?v=dzGldgmacKc
=== PREVIEW
<a href="https://www.youtube.com/watch?v=dzGldgmacKc"><b>Latest news bulletin | May 11th, 2026 – Midday</b></a>

via <a href="https://www.youtube.com/channel/UCSrZ3UV4jOidv8ppoVuvW9Q">euronews</a>
=== TEXT
<a href="https://www.youtube.com/watch?v=dzGldgmacKc"><b>Latest news bulletin | May 11th, 2026 – Midday</b></a>


=== QUOTE
<a href="https://www.youtube.com/watch?v=dzGldgmacKc"><b>Latest news bulletin | May 11th, 2026 – Midday</b></a>
=== IMAGE


=== LINK
<b>WHO urges calm over hantavirus outbreak</b>
https://www.youtube.com/shorts/8Gdm2FXCzo4
=== PREVIEW
<a href="https://www.youtube.com/shorts/8Gdm2FXCzo4"><b>WHO urges calm over hantavirus outbreak</b></a>

via <a href="https://www.youtube.com/channel/UCSrZ3UV4jOidv8ppoVuvW9Q">euronews</a>
=== TEXT
<a href="https://www.youtube.com/shorts/8Gdm2FXCzo4"><b>WHO urges calm over hantavirus outbreak</b></a>


=== QUOTE
<a href="https://www.youtube.com/shorts/8Gdm2FXCzo4"><b>WHO urges calm over hantavirus outbreak</b></a>
=== IMAGE


=== LINK
<b>Swedish FM slams Putin: &#34;Russia is not interested in peace&#34;</b>
https://www.youtube.com/watch?v=RBJj0REoeIo
=== PREVIEW
<a href="https://www.youtube.com/watch?v=RBJj0REoeIo"><b>Swedish FM slams Putin: &#34;Russia is not interested in peace&#34;</b></a>

via <a href="https://www.youtube.com/channel/UCSrZ3UV4jOidv8ppoVuvW9Q">euronews</a>
=== TEXT
<a href="https://www.youtube.com/watch?v=RBJj0REoeIo"><b>Swedish FM slams Putin: &#34;Russia is not interested in peace&#34;</b></a>


=== QUOTE
<a href="https://www.youtube.com/watch?v=RBJj0REoeIo"><b>Swedish FM slams Putin: &#34;Russia is not interested in peace&#34;</b></a>
=== IMAGE
